// Jest Snapshot v1, https://goo.gl/fbAQLP

exports[`gatsby-plugin-typescript modifies webpack config 1`] = `
Array [
  Object {
    "module": Object {
      "rules": Array [
        Object {
          "test": /\\\\\\.tsx\\?\\$/,
          "use": Array [
            Object {
              "loader": "/resolved/path/babel-loader",
              "options": Object {
                "plugins": Array [
                  "babel-plugin-remove-graphql-queries",
                ],
                "presets": Array [
                  Array [
                    "@babel/preset-env",
                  ],
                  Array [
                    "@babel/preset-react",
                  ],
                  "/resolved/path/@babel/preset-typescript",
                ],
              },
            },
          ],
        },
      ],
    },
  },
]
`;

exports[`gatsby-plugin-typescript returns correct extensions 1`] = `
Array [
  ".ts",
  ".tsx",
]
`;
