// Jest Snapshot v1, https://goo.gl/fbAQLP

exports[`transformer-react-doc-gen: onCreateNode Simple example should extract out a description, params, and examples: description content 1`] = `
"A pretty cool jsdoc example
"
`;

exports[`transformer-react-doc-gen: onCreateNode Simple example should extract out a description, params, and examples: example 1`] = `
Object {
  "highlighted": "<span class=\\"token keyword\\">const</span> apple <span class=\\"token operator\\">=</span> <span class=\\"token function\\">require</span><span class=\\"token punctuation\\">(</span><span class=\\"token string\\">'apple'</span><span class=\\"token punctuation\\">)</span>
<span class=\\"token function\\">apple</span><span class=\\"token punctuation\\">(</span><span class=\\"token punctuation\\">)</span>",
  "raw": "const apple = require('apple')
apple()",
}
`;

exports[`transformer-react-doc-gen: onCreateNode Simple example should extract out a description, params, and examples: param description 1`] = `
"A nice crispy apple
"
`;

exports[`transformer-react-doc-gen: onCreateNode Simple example should extract out a description, params, and examples: param name 1`] = `"paramName"`;
